Analysis & Synthesis report for ALU
Fri Sep 24 12:22:11 2021
Quartus Prime Version 16.0.0 Build 211 04/27/2016 SJ Lite Edition


---------------------
; Table of Contents ;
---------------------
  1. Legal Notice
  2. Analysis & Synthesis Summary
  3. Analysis & Synthesis Settings
  4. Parallel Compilation
  5. Analysis & Synthesis Source Files Read
  6. Analysis & Synthesis Resource Usage Summary
  7. Analysis & Synthesis Resource Utilization by Entity
  8. General Register Statistics
  9. Multiplexer Restructuring Statistics (Restructuring Performed)
 10. Port Connectivity Checks: "CheckAddSub:calculate1"
 11. Port Connectivity Checks: "CheckAddSub:calculate0|RCA16Bit:second_cin1"
 12. Port Connectivity Checks: "CheckAddSub:calculate0|RCA16Bit:second_cin0"
 13. Port Connectivity Checks: "CheckAddSub:calculate0|RCA16Bit:first"
 14. Post-Synthesis Netlist Statistics for Top Partition
 15. Elapsed Time Per Partition
 16. Analysis & Synthesis Messages



----------------
; Legal Notice ;
----------------
Copyright (C) 1991-2016 Altera Corporation. All rights reserved.
Your use of Altera Corporation's design tools, logic functions 
and other software and tools, and its AMPP partner logic 
functions, and any output files from any of the foregoing 
(including device programming or simulation files), and any 
associated documentation or information are expressly subject 
to the terms and conditions of the Altera Program License 
Subscription Agreement, the Altera Quartus Prime License Agreement,
the Altera MegaCore Function License Agreement, or other 
applicable license agreement, including, without limitation, 
that your use is for the sole purpose of programming logic 
devices manufactured by Altera and sold by Altera or its 
authorized distributors.  Please refer to the applicable 
agreement for further details.



+----------------------------------------------------------------------------------+
; Analysis & Synthesis Summary                                                     ;
+------------------------------------+---------------------------------------------+
; Analysis & Synthesis Status        ; Successful - Fri Sep 24 12:22:11 2021       ;
; Quartus Prime Version              ; 16.0.0 Build 211 04/27/2016 SJ Lite Edition ;
; Revision Name                      ; ALU                                         ;
; Top-level Entity Name              ; ALU                                         ;
; Family                             ; Cyclone IV E                                ;
; Total logic elements               ; 534                                         ;
;     Total combinational functions  ; 534                                         ;
;     Dedicated logic registers      ; 0                                           ;
; Total registers                    ; 0                                           ;
; Total pins                         ; 109                                         ;
; Total virtual pins                 ; 0                                           ;
; Total memory bits                  ; 0                                           ;
; Embedded Multiplier 9-bit elements ; 0                                           ;
; Total PLLs                         ; 0                                           ;
+------------------------------------+---------------------------------------------+


+----------------------------------------------------------------------------------------------------------------------+
; Analysis & Synthesis Settings                                                                                        ;
+----------------------------------------------------------------------------+--------------------+--------------------+
; Option                                                                     ; Setting            ; Default Value      ;
+----------------------------------------------------------------------------+--------------------+--------------------+
; Device                                                                     ; EP4CE115F29C7      ;                    ;
; Top-level entity name                                                      ; ALU                ; ALU                ;
; Family name                                                                ; Cyclone IV E       ; Cyclone V          ;
; Use smart compilation                                                      ; Off                ; Off                ;
; Enable parallel Assembler and TimeQuest Timing Analyzer during compilation ; On                 ; On                 ;
; Enable compact report table                                                ; Off                ; Off                ;
; Restructure Multiplexers                                                   ; Auto               ; Auto               ;
; Create Debugging Nodes for IP Cores                                        ; Off                ; Off                ;
; Preserve fewer node names                                                  ; On                 ; On                 ;
; Disable OpenCore Plus hardware evaluation                                  ; Off                ; Off                ;
; Verilog Version                                                            ; Verilog_2001       ; Verilog_2001       ;
; VHDL Version                                                               ; VHDL_1993          ; VHDL_1993          ;
; State Machine Processing                                                   ; Auto               ; Auto               ;
; Safe State Machine                                                         ; Off                ; Off                ;
; Extract Verilog State Machines                                             ; On                 ; On                 ;
; Extract VHDL State Machines                                                ; On                 ; On                 ;
; Ignore Verilog initial constructs                                          ; Off                ; Off                ;
; Iteration limit for constant Verilog loops                                 ; 5000               ; 5000               ;
; Iteration limit for non-constant Verilog loops                             ; 250                ; 250                ;
; Add Pass-Through Logic to Inferred RAMs                                    ; On                 ; On                 ;
; Infer RAMs from Raw Logic                                                  ; On                 ; On                 ;
; Parallel Synthesis                                                         ; On                 ; On                 ;
; DSP Block Balancing                                                        ; Auto               ; Auto               ;
; NOT Gate Push-Back                                                         ; On                 ; On                 ;
; Power-Up Don't Care                                                        ; On                 ; On                 ;
; Remove Redundant Logic Cells                                               ; Off                ; Off                ;
; Remove Duplicate Registers                                                 ; On                 ; On                 ;
; Ignore CARRY Buffers                                                       ; Off                ; Off                ;
; Ignore CASCADE Buffers                                                     ; Off                ; Off                ;
; Ignore GLOBAL Buffers                                                      ; Off                ; Off                ;
; Ignore ROW GLOBAL Buffers                                                  ; Off                ; Off                ;
; Ignore LCELL Buffers                                                       ; Off                ; Off                ;
; Ignore SOFT Buffers                                                        ; On                 ; On                 ;
; Limit AHDL Integers to 32 Bits                                             ; Off                ; Off                ;
; Optimization Technique                                                     ; Balanced           ; Balanced           ;
; Carry Chain Length                                                         ; 70                 ; 70                 ;
; Auto Carry Chains                                                          ; On                 ; On                 ;
; Auto Open-Drain Pins                                                       ; On                 ; On                 ;
; Perform WYSIWYG Primitive Resynthesis                                      ; Off                ; Off                ;
; Auto ROM Replacement                                                       ; On                 ; On                 ;
; Auto RAM Replacement                                                       ; On                 ; On                 ;
; Auto DSP Block Replacement                                                 ; On                 ; On                 ;
; Auto Shift Register Replacement                                            ; Auto               ; Auto               ;
; Allow Shift Register Merging across Hierarchies                            ; Auto               ; Auto               ;
; Auto Clock Enable Replacement                                              ; On                 ; On                 ;
; Strict RAM Replacement                                                     ; Off                ; Off                ;
; Allow Synchronous Control Signals                                          ; On                 ; On                 ;
; Force Use of Synchronous Clear Signals                                     ; Off                ; Off                ;
; Auto RAM Block Balancing                                                   ; On                 ; On                 ;
; Auto RAM to Logic Cell Conversion                                          ; Off                ; Off                ;
; Auto Resource Sharing                                                      ; Off                ; Off                ;
; Allow Any RAM Size For Recognition                                         ; Off                ; Off                ;
; Allow Any ROM Size For Recognition                                         ; Off                ; Off                ;
; Allow Any Shift Register Size For Recognition                              ; Off                ; Off                ;
; Use LogicLock Constraints during Resource Balancing                        ; On                 ; On                 ;
; Ignore translate_off and synthesis_off directives                          ; Off                ; Off                ;
; Timing-Driven Synthesis                                                    ; On                 ; On                 ;
; Report Parameter Settings                                                  ; On                 ; On                 ;
; Report Source Assignments                                                  ; On                 ; On                 ;
; Report Connectivity Checks                                                 ; On                 ; On                 ;
; Ignore Maximum Fan-Out Assignments                                         ; Off                ; Off                ;
; Synchronization Register Chain Length                                      ; 2                  ; 2                  ;
; PowerPlay Power Optimization During Synthesis                              ; Normal compilation ; Normal compilation ;
; HDL message level                                                          ; Level2             ; Level2             ;
; Suppress Register Optimization Related Messages                            ; Off                ; Off                ;
; Number of Removed Registers Reported in Synthesis Report                   ; 5000               ; 5000               ;
; Number of Swept Nodes Reported in Synthesis Report                         ; 5000               ; 5000               ;
; Number of Inverted Registers Reported in Synthesis Report                  ; 100                ; 100                ;
; Clock MUX Protection                                                       ; On                 ; On                 ;
; Auto Gated Clock Conversion                                                ; Off                ; Off                ;
; Block Design Naming                                                        ; Auto               ; Auto               ;
; SDC constraint protection                                                  ; Off                ; Off                ;
; Synthesis Effort                                                           ; Auto               ; Auto               ;
; Shift Register Replacement - Allow Asynchronous Clear Signal               ; On                 ; On                 ;
; Pre-Mapping Resynthesis Optimization                                       ; Off                ; Off                ;
; Analysis & Synthesis Message Level                                         ; Medium             ; Medium             ;
; Disable Register Merging Across Hierarchies                                ; Auto               ; Auto               ;
; Resource Aware Inference For Block RAM                                     ; On                 ; On                 ;
; Synthesis Seed                                                             ; 1                  ; 1                  ;
+----------------------------------------------------------------------------+--------------------+--------------------+


+------------------------------------------+
; Parallel Compilation                     ;
+----------------------------+-------------+
; Processors                 ; Number      ;
+----------------------------+-------------+
; Number detected on machine ; 12          ;
; Maximum allowed            ; 6           ;
;                            ;             ;
; Average used               ; 1.00        ;
; Maximum used               ; 1           ;
;                            ;             ;
; Usage by Processor         ; % Time Used ;
;     Processor 1            ; 100.0%      ;
+----------------------------+-------------+


+---------------------------------------------------------------------------------------------------------------------------------------------+
; Analysis & Synthesis Source Files Read                                                                                                      ;
+----------------------------------+-----------------+------------------------+-----------------------------------------------------+---------+
; File Name with User-Entered Path ; Used in Netlist ; File Type              ; File Name with Absolute Path                        ; Library ;
+----------------------------------+-----------------+------------------------+-----------------------------------------------------+---------+
; ALU.v                            ; yes             ; User Verilog HDL File  ; C:/Users/lizhu/Desktop/ECE 550/Proj1/ALU.v          ;         ;
; bit_And.v                        ; yes             ; User Verilog HDL File  ; C:/Users/lizhu/Desktop/ECE 550/Proj1/bit_And.v      ;         ;
; bit_Or.v                         ; yes             ; User Verilog HDL File  ; C:/Users/lizhu/Desktop/ECE 550/Proj1/bit_Or.v       ;         ;
; left_shift.v                     ; yes             ; User Verilog HDL File  ; C:/Users/lizhu/Desktop/ECE 550/Proj1/left_shift.v   ;         ;
; right_shift.v                    ; yes             ; User Verilog HDL File  ; C:/Users/lizhu/Desktop/ECE 550/Proj1/right_shift.v  ;         ;
; is_not_equal.v                   ; yes             ; User Verilog HDL File  ; C:/Users/lizhu/Desktop/ECE 550/Proj1/is_not_equal.v ;         ;
; CheckAddSub.v                    ; yes             ; User Verilog HDL File  ; C:/Users/lizhu/Desktop/ECE 550/Proj1/CheckAddSub.v  ;         ;
; RCA16Bit.v                       ; yes             ; User Verilog HDL File  ; C:/Users/lizhu/Desktop/ECE 550/Proj1/RCA16Bit.v     ;         ;
; OneBitAdder.v                    ; yes             ; User Verilog HDL File  ; C:/Users/lizhu/Desktop/ECE 550/Proj1/OneBitAdder.v  ;         ;
+----------------------------------+-----------------+------------------------+-----------------------------------------------------+---------+


+-----------------------------------------------------------------------+
; Analysis & Synthesis Resource Usage Summary                           ;
+---------------------------------------------+-------------------------+
; Resource                                    ; Usage                   ;
+---------------------------------------------+-------------------------+
; Estimated Total logic elements              ; 534                     ;
;                                             ;                         ;
; Total combinational functions               ; 534                     ;
; Logic element usage by number of LUT inputs ;                         ;
;     -- 4 input functions                    ; 309                     ;
;     -- 3 input functions                    ; 199                     ;
;     -- <=2 input functions                  ; 26                      ;
;                                             ;                         ;
; Logic elements by mode                      ;                         ;
;     -- normal mode                          ; 534                     ;
;     -- arithmetic mode                      ; 0                       ;
;                                             ;                         ;
; Total registers                             ; 0                       ;
;     -- Dedicated logic registers            ; 0                       ;
;     -- I/O registers                        ; 0                       ;
;                                             ;                         ;
; I/O pins                                    ; 109                     ;
;                                             ;                         ;
; Embedded Multiplier 9-bit elements          ; 0                       ;
;                                             ;                         ;
; Maximum fan-out node                        ; ctrl_ALUopcode[0]~input ;
; Maximum fan-out                             ; 119                     ;
; Total fan-out                               ; 2029                    ;
; Average fan-out                             ; 2.70                    ;
+---------------------------------------------+-------------------------+


+-----------------------------------------------------------------------------------------------------------------------------------------------------------------------------------------------------------------------------------------------+
; Analysis & Synthesis Resource Utilization by Entity                                                                                                                                                                                           ;
+-------------------------------+-------------------+--------------+-------------+--------------+---------+-----------+------+--------------+---------------------------------------------------------------------+--------------+--------------+
; Compilation Hierarchy Node    ; LC Combinationals ; LC Registers ; Memory Bits ; DSP Elements ; DSP 9x9 ; DSP 18x18 ; Pins ; Virtual Pins ; Full Hierarchy Name                                                 ; Entity Name  ; Library Name ;
+-------------------------------+-------------------+--------------+-------------+--------------+---------+-----------+------+--------------+---------------------------------------------------------------------+--------------+--------------+
; |ALU                          ; 534 (244)         ; 0 (0)        ; 0           ; 0            ; 0       ; 0         ; 109  ; 0            ; |ALU                                                                ; ALU          ; work         ;
;    |CheckAddSub:calculate0|   ; 58 (4)            ; 0 (0)        ; 0           ; 0            ; 0       ; 0         ; 0    ; 0            ; |ALU|CheckAddSub:calculate0                                         ; CheckAddSub  ; work         ;
;       |RCA16Bit:first|        ; 24 (0)            ; 0 (0)        ; 0           ; 0            ; 0       ; 0         ; 0    ; 0            ; |ALU|CheckAddSub:calculate0|RCA16Bit:first                          ; RCA16Bit     ; work         ;
;          |OneBitAdder:Full10| ; 2 (2)             ; 0 (0)        ; 0           ; 0            ; 0       ; 0         ; 0    ; 0            ; |ALU|CheckAddSub:calculate0|RCA16Bit:first|OneBitAdder:Full10       ; OneBitAdder  ; work         ;
;          |OneBitAdder:Full11| ; 1 (1)             ; 0 (0)        ; 0           ; 0            ; 0       ; 0         ; 0    ; 0            ; |ALU|CheckAddSub:calculate0|RCA16Bit:first|OneBitAdder:Full11       ; OneBitAdder  ; work         ;
;          |OneBitAdder:Full12| ; 2 (2)             ; 0 (0)        ; 0           ; 0            ; 0       ; 0         ; 0    ; 0            ; |ALU|CheckAddSub:calculate0|RCA16Bit:first|OneBitAdder:Full12       ; OneBitAdder  ; work         ;
;          |OneBitAdder:Full13| ; 1 (1)             ; 0 (0)        ; 0           ; 0            ; 0       ; 0         ; 0    ; 0            ; |ALU|CheckAddSub:calculate0|RCA16Bit:first|OneBitAdder:Full13       ; OneBitAdder  ; work         ;
;          |OneBitAdder:Full14| ; 2 (2)             ; 0 (0)        ; 0           ; 0            ; 0       ; 0         ; 0    ; 0            ; |ALU|CheckAddSub:calculate0|RCA16Bit:first|OneBitAdder:Full14       ; OneBitAdder  ; work         ;
;          |OneBitAdder:Full15| ; 1 (1)             ; 0 (0)        ; 0           ; 0            ; 0       ; 0         ; 0    ; 0            ; |ALU|CheckAddSub:calculate0|RCA16Bit:first|OneBitAdder:Full15       ; OneBitAdder  ; work         ;
;          |OneBitAdder:Full16| ; 2 (2)             ; 0 (0)        ; 0           ; 0            ; 0       ; 0         ; 0    ; 0            ; |ALU|CheckAddSub:calculate0|RCA16Bit:first|OneBitAdder:Full16       ; OneBitAdder  ; work         ;
;          |OneBitAdder:Full1|  ; 1 (1)             ; 0 (0)        ; 0           ; 0            ; 0       ; 0         ; 0    ; 0            ; |ALU|CheckAddSub:calculate0|RCA16Bit:first|OneBitAdder:Full1        ; OneBitAdder  ; work         ;
;          |OneBitAdder:Full2|  ; 1 (1)             ; 0 (0)        ; 0           ; 0            ; 0       ; 0         ; 0    ; 0            ; |ALU|CheckAddSub:calculate0|RCA16Bit:first|OneBitAdder:Full2        ; OneBitAdder  ; work         ;
;          |OneBitAdder:Full3|  ; 2 (2)             ; 0 (0)        ; 0           ; 0            ; 0       ; 0         ; 0    ; 0            ; |ALU|CheckAddSub:calculate0|RCA16Bit:first|OneBitAdder:Full3        ; OneBitAdder  ; work         ;
;          |OneBitAdder:Full4|  ; 2 (2)             ; 0 (0)        ; 0           ; 0            ; 0       ; 0         ; 0    ; 0            ; |ALU|CheckAddSub:calculate0|RCA16Bit:first|OneBitAdder:Full4        ; OneBitAdder  ; work         ;
;          |OneBitAdder:Full5|  ; 1 (1)             ; 0 (0)        ; 0           ; 0            ; 0       ; 0         ; 0    ; 0            ; |ALU|CheckAddSub:calculate0|RCA16Bit:first|OneBitAdder:Full5        ; OneBitAdder  ; work         ;
;          |OneBitAdder:Full6|  ; 2 (2)             ; 0 (0)        ; 0           ; 0            ; 0       ; 0         ; 0    ; 0            ; |ALU|CheckAddSub:calculate0|RCA16Bit:first|OneBitAdder:Full6        ; OneBitAdder  ; work         ;
;          |OneBitAdder:Full7|  ; 1 (1)             ; 0 (0)        ; 0           ; 0            ; 0       ; 0         ; 0    ; 0            ; |ALU|CheckAddSub:calculate0|RCA16Bit:first|OneBitAdder:Full7        ; OneBitAdder  ; work         ;
;          |OneBitAdder:Full8|  ; 2 (2)             ; 0 (0)        ; 0           ; 0            ; 0       ; 0         ; 0    ; 0            ; |ALU|CheckAddSub:calculate0|RCA16Bit:first|OneBitAdder:Full8        ; OneBitAdder  ; work         ;
;          |OneBitAdder:Full9|  ; 1 (1)             ; 0 (0)        ; 0           ; 0            ; 0       ; 0         ; 0    ; 0            ; |ALU|CheckAddSub:calculate0|RCA16Bit:first|OneBitAdder:Full9        ; OneBitAdder  ; work         ;
;       |RCA16Bit:second_cin0|  ; 15 (0)            ; 0 (0)        ; 0           ; 0            ; 0       ; 0         ; 0    ; 0            ; |ALU|CheckAddSub:calculate0|RCA16Bit:second_cin0                    ; RCA16Bit     ; work         ;
;          |OneBitAdder:Full10| ; 1 (1)             ; 0 (0)        ; 0           ; 0            ; 0       ; 0         ; 0    ; 0            ; |ALU|CheckAddSub:calculate0|RCA16Bit:second_cin0|OneBitAdder:Full10 ; OneBitAdder  ; work         ;
;          |OneBitAdder:Full11| ; 1 (1)             ; 0 (0)        ; 0           ; 0            ; 0       ; 0         ; 0    ; 0            ; |ALU|CheckAddSub:calculate0|RCA16Bit:second_cin0|OneBitAdder:Full11 ; OneBitAdder  ; work         ;
;          |OneBitAdder:Full12| ; 1 (1)             ; 0 (0)        ; 0           ; 0            ; 0       ; 0         ; 0    ; 0            ; |ALU|CheckAddSub:calculate0|RCA16Bit:second_cin0|OneBitAdder:Full12 ; OneBitAdder  ; work         ;
;          |OneBitAdder:Full13| ; 1 (1)             ; 0 (0)        ; 0           ; 0            ; 0       ; 0         ; 0    ; 0            ; |ALU|CheckAddSub:calculate0|RCA16Bit:second_cin0|OneBitAdder:Full13 ; OneBitAdder  ; work         ;
;          |OneBitAdder:Full14| ; 1 (1)             ; 0 (0)        ; 0           ; 0            ; 0       ; 0         ; 0    ; 0            ; |ALU|CheckAddSub:calculate0|RCA16Bit:second_cin0|OneBitAdder:Full14 ; OneBitAdder  ; work         ;
;          |OneBitAdder:Full15| ; 1 (1)             ; 0 (0)        ; 0           ; 0            ; 0       ; 0         ; 0    ; 0            ; |ALU|CheckAddSub:calculate0|RCA16Bit:second_cin0|OneBitAdder:Full15 ; OneBitAdder  ; work         ;
;          |OneBitAdder:Full1|  ; 1 (1)             ; 0 (0)        ; 0           ; 0            ; 0       ; 0         ; 0    ; 0            ; |ALU|CheckAddSub:calculate0|RCA16Bit:second_cin0|OneBitAdder:Full1  ; OneBitAdder  ; work         ;
;          |OneBitAdder:Full2|  ; 1 (1)             ; 0 (0)        ; 0           ; 0            ; 0       ; 0         ; 0    ; 0            ; |ALU|CheckAddSub:calculate0|RCA16Bit:second_cin0|OneBitAdder:Full2  ; OneBitAdder  ; work         ;
;          |OneBitAdder:Full3|  ; 1 (1)             ; 0 (0)        ; 0           ; 0            ; 0       ; 0         ; 0    ; 0            ; |ALU|CheckAddSub:calculate0|RCA16Bit:second_cin0|OneBitAdder:Full3  ; OneBitAdder  ; work         ;
;          |OneBitAdder:Full4|  ; 1 (1)             ; 0 (0)        ; 0           ; 0            ; 0       ; 0         ; 0    ; 0            ; |ALU|CheckAddSub:calculate0|RCA16Bit:second_cin0|OneBitAdder:Full4  ; OneBitAdder  ; work         ;
;          |OneBitAdder:Full5|  ; 1 (1)             ; 0 (0)        ; 0           ; 0            ; 0       ; 0         ; 0    ; 0            ; |ALU|CheckAddSub:calculate0|RCA16Bit:second_cin0|OneBitAdder:Full5  ; OneBitAdder  ; work         ;
;          |OneBitAdder:Full6|  ; 1 (1)             ; 0 (0)        ; 0           ; 0            ; 0       ; 0         ; 0    ; 0            ; |ALU|CheckAddSub:calculate0|RCA16Bit:second_cin0|OneBitAdder:Full6  ; OneBitAdder  ; work         ;
;          |OneBitAdder:Full7|  ; 1 (1)             ; 0 (0)        ; 0           ; 0            ; 0       ; 0         ; 0    ; 0            ; |ALU|CheckAddSub:calculate0|RCA16Bit:second_cin0|OneBitAdder:Full7  ; OneBitAdder  ; work         ;
;          |OneBitAdder:Full8|  ; 1 (1)             ; 0 (0)        ; 0           ; 0            ; 0       ; 0         ; 0    ; 0            ; |ALU|CheckAddSub:calculate0|RCA16Bit:second_cin0|OneBitAdder:Full8  ; OneBitAdder  ; work         ;
;          |OneBitAdder:Full9|  ; 1 (1)             ; 0 (0)        ; 0           ; 0            ; 0       ; 0         ; 0    ; 0            ; |ALU|CheckAddSub:calculate0|RCA16Bit:second_cin0|OneBitAdder:Full9  ; OneBitAdder  ; work         ;
;       |RCA16Bit:second_cin1|  ; 15 (0)            ; 0 (0)        ; 0           ; 0            ; 0       ; 0         ; 0    ; 0            ; |ALU|CheckAddSub:calculate0|RCA16Bit:second_cin1                    ; RCA16Bit     ; work         ;
;          |OneBitAdder:Full10| ; 1 (1)             ; 0 (0)        ; 0           ; 0            ; 0       ; 0         ; 0    ; 0            ; |ALU|CheckAddSub:calculate0|RCA16Bit:second_cin1|OneBitAdder:Full10 ; OneBitAdder  ; work         ;
;          |OneBitAdder:Full11| ; 1 (1)             ; 0 (0)        ; 0           ; 0            ; 0       ; 0         ; 0    ; 0            ; |ALU|CheckAddSub:calculate0|RCA16Bit:second_cin1|OneBitAdder:Full11 ; OneBitAdder  ; work         ;
;          |OneBitAdder:Full12| ; 1 (1)             ; 0 (0)        ; 0           ; 0            ; 0       ; 0         ; 0    ; 0            ; |ALU|CheckAddSub:calculate0|RCA16Bit:second_cin1|OneBitAdder:Full12 ; OneBitAdder  ; work         ;
;          |OneBitAdder:Full13| ; 1 (1)             ; 0 (0)        ; 0           ; 0            ; 0       ; 0         ; 0    ; 0            ; |ALU|CheckAddSub:calculate0|RCA16Bit:second_cin1|OneBitAdder:Full13 ; OneBitAdder  ; work         ;
;          |OneBitAdder:Full14| ; 1 (1)             ; 0 (0)        ; 0           ; 0            ; 0       ; 0         ; 0    ; 0            ; |ALU|CheckAddSub:calculate0|RCA16Bit:second_cin1|OneBitAdder:Full14 ; OneBitAdder  ; work         ;
;          |OneBitAdder:Full15| ; 1 (1)             ; 0 (0)        ; 0           ; 0            ; 0       ; 0         ; 0    ; 0            ; |ALU|CheckAddSub:calculate0|RCA16Bit:second_cin1|OneBitAdder:Full15 ; OneBitAdder  ; work         ;
;          |OneBitAdder:Full2|  ; 2 (2)             ; 0 (0)        ; 0           ; 0            ; 0       ; 0         ; 0    ; 0            ; |ALU|CheckAddSub:calculate0|RCA16Bit:second_cin1|OneBitAdder:Full2  ; OneBitAdder  ; work         ;
;          |OneBitAdder:Full3|  ; 1 (1)             ; 0 (0)        ; 0           ; 0            ; 0       ; 0         ; 0    ; 0            ; |ALU|CheckAddSub:calculate0|RCA16Bit:second_cin1|OneBitAdder:Full3  ; OneBitAdder  ; work         ;
;          |OneBitAdder:Full4|  ; 1 (1)             ; 0 (0)        ; 0           ; 0            ; 0       ; 0         ; 0    ; 0            ; |ALU|CheckAddSub:calculate0|RCA16Bit:second_cin1|OneBitAdder:Full4  ; OneBitAdder  ; work         ;
;          |OneBitAdder:Full5|  ; 1 (1)             ; 0 (0)        ; 0           ; 0            ; 0       ; 0         ; 0    ; 0            ; |ALU|CheckAddSub:calculate0|RCA16Bit:second_cin1|OneBitAdder:Full5  ; OneBitAdder  ; work         ;
;          |OneBitAdder:Full6|  ; 1 (1)             ; 0 (0)        ; 0           ; 0            ; 0       ; 0         ; 0    ; 0            ; |ALU|CheckAddSub:calculate0|RCA16Bit:second_cin1|OneBitAdder:Full6  ; OneBitAdder  ; work         ;
;          |OneBitAdder:Full7|  ; 1 (1)             ; 0 (0)        ; 0           ; 0            ; 0       ; 0         ; 0    ; 0            ; |ALU|CheckAddSub:calculate0|RCA16Bit:second_cin1|OneBitAdder:Full7  ; OneBitAdder  ; work         ;
;          |OneBitAdder:Full8|  ; 1 (1)             ; 0 (0)        ; 0           ; 0            ; 0       ; 0         ; 0    ; 0            ; |ALU|CheckAddSub:calculate0|RCA16Bit:second_cin1|OneBitAdder:Full8  ; OneBitAdder  ; work         ;
;          |OneBitAdder:Full9|  ; 1 (1)             ; 0 (0)        ; 0           ; 0            ; 0       ; 0         ; 0    ; 0            ; |ALU|CheckAddSub:calculate0|RCA16Bit:second_cin1|OneBitAdder:Full9  ; OneBitAdder  ; work         ;
;    |CheckAddSub:calculate1|   ; 15 (0)            ; 0 (0)        ; 0           ; 0            ; 0       ; 0         ; 0    ; 0            ; |ALU|CheckAddSub:calculate1                                         ; CheckAddSub  ; work         ;
;       |RCA16Bit:first|        ; 15 (0)            ; 0 (0)        ; 0           ; 0            ; 0       ; 0         ; 0    ; 0            ; |ALU|CheckAddSub:calculate1|RCA16Bit:first                          ; RCA16Bit     ; work         ;
;          |OneBitAdder:Full14| ; 7 (7)             ; 0 (0)        ; 0           ; 0            ; 0       ; 0         ; 0    ; 0            ; |ALU|CheckAddSub:calculate1|RCA16Bit:first|OneBitAdder:Full14       ; OneBitAdder  ; work         ;
;          |OneBitAdder:Full16| ; 2 (2)             ; 0 (0)        ; 0           ; 0            ; 0       ; 0         ; 0    ; 0            ; |ALU|CheckAddSub:calculate1|RCA16Bit:first|OneBitAdder:Full16       ; OneBitAdder  ; work         ;
;          |OneBitAdder:Full7|  ; 6 (6)             ; 0 (0)        ; 0           ; 0            ; 0       ; 0         ; 0    ; 0            ; |ALU|CheckAddSub:calculate1|RCA16Bit:first|OneBitAdder:Full7        ; OneBitAdder  ; work         ;
;    |bit_Or:or0|               ; 8 (8)             ; 0 (0)        ; 0           ; 0            ; 0       ; 0         ; 0    ; 0            ; |ALU|bit_Or:or0                                                     ; bit_Or       ; work         ;
;    |is_not_equal:ine0|        ; 19 (19)           ; 0 (0)        ; 0           ; 0            ; 0       ; 0         ; 0    ; 0            ; |ALU|is_not_equal:ine0                                              ; is_not_equal ; work         ;
;    |left_shift:shift0|        ; 101 (101)         ; 0 (0)        ; 0           ; 0            ; 0       ; 0         ; 0    ; 0            ; |ALU|left_shift:shift0                                              ; left_shift   ; work         ;
;    |right_shift:shift1|       ; 89 (89)           ; 0 (0)        ; 0           ; 0            ; 0       ; 0         ; 0    ; 0            ; |ALU|right_shift:shift1                                             ; right_shift  ; work         ;
+-------------------------------+-------------------+--------------+-------------+--------------+---------+-----------+------+--------------+---------------------------------------------------------------------+--------------+--------------+
Note: For table entries with two numbers listed, the numbers in parentheses indicate the number of resources of the given type used by the specific entity alone. The numbers listed outside of parentheses indicate the total resources of the given type used by the specific entity and all of its sub-entities in the hierarchy.


+------------------------------------------------------+
; General Register Statistics                          ;
+----------------------------------------------+-------+
; Statistic                                    ; Value ;
+----------------------------------------------+-------+
; Total registers                              ; 0     ;
; Number of registers using Synchronous Clear  ; 0     ;
; Number of registers using Synchronous Load   ; 0     ;
; Number of registers using Asynchronous Clear ; 0     ;
; Number of registers using Asynchronous Load  ; 0     ;
; Number of registers using Clock Enable       ; 0     ;
; Number of registers using Preset             ; 0     ;
+----------------------------------------------+-------+


+------------------------------------------------------------------------------------------------------------------------------------------+
; Multiplexer Restructuring Statistics (Restructuring Performed)                                                                           ;
+--------------------+-----------+---------------+----------------------+------------------------+------------+----------------------------+
; Multiplexer Inputs ; Bus Width ; Baseline Area ; Area if Restructured ; Saving if Restructured ; Registered ; Example Multiplexer Output ;
+--------------------+-----------+---------------+----------------------+------------------------+------------+----------------------------+
; 7:1                ; 8 bits    ; 32 LEs        ; 32 LEs               ; 0 LEs                  ; No         ; |ALU|data_result           ;
; 9:1                ; 4 bits    ; 24 LEs        ; 24 LEs               ; 0 LEs                  ; No         ; |ALU|data_result           ;
; 9:1                ; 7 bits    ; 42 LEs        ; 42 LEs               ; 0 LEs                  ; No         ; |ALU|data_result           ;
; 10:1               ; 2 bits    ; 12 LEs        ; 12 LEs               ; 0 LEs                  ; No         ; |ALU|data_result           ;
; 10:1               ; 4 bits    ; 24 LEs        ; 24 LEs               ; 0 LEs                  ; No         ; |ALU|data_result           ;
; 11:1               ; 2 bits    ; 14 LEs        ; 12 LEs               ; 2 LEs                  ; No         ; |ALU|data_result           ;
; 11:1               ; 2 bits    ; 14 LEs        ; 14 LEs               ; 0 LEs                  ; No         ; |ALU|data_result           ;
+--------------------+-----------+---------------+----------------------+------------------------+------------+----------------------------+


+--------------------------------------------------------------------------------------------------------------------+
; Port Connectivity Checks: "CheckAddSub:calculate1"                                                                 ;
+----------+--------+----------+-------------------------------------------------------------------------------------+
; Port     ; Type   ; Severity ; Details                                                                             ;
+----------+--------+----------+-------------------------------------------------------------------------------------+
; mode     ; Input  ; Info     ; Stuck at VCC                                                                        ;
; D[30..0] ; Output ; Info     ; Connected to dangling logic. Logic that only feeds a dangling port will be removed. ;
+----------+--------+----------+-------------------------------------------------------------------------------------+


+----------------------------------------------------------------------------------------------------------------+
; Port Connectivity Checks: "CheckAddSub:calculate0|RCA16Bit:second_cin1"                                        ;
+------+--------+----------+-------------------------------------------------------------------------------------+
; Port ; Type   ; Severity ; Details                                                                             ;
+------+--------+----------+-------------------------------------------------------------------------------------+
; cin  ; Input  ; Info     ; Stuck at VCC                                                                        ;
; cout ; Output ; Info     ; Connected to dangling logic. Logic that only feeds a dangling port will be removed. ;
+------+--------+----------+-------------------------------------------------------------------------------------+


+----------------------------------------------------------------------------------------------------------------+
; Port Connectivity Checks: "CheckAddSub:calculate0|RCA16Bit:second_cin0"                                        ;
+------+--------+----------+-------------------------------------------------------------------------------------+
; Port ; Type   ; Severity ; Details                                                                             ;
+------+--------+----------+-------------------------------------------------------------------------------------+
; cin  ; Input  ; Info     ; Stuck at GND                                                                        ;
; cout ; Output ; Info     ; Connected to dangling logic. Logic that only feeds a dangling port will be removed. ;
+------+--------+----------+-------------------------------------------------------------------------------------+


+--------------------------------------------------------------------------------------------------------------------+
; Port Connectivity Checks: "CheckAddSub:calculate0|RCA16Bit:first"                                                  ;
+----------+--------+----------+-------------------------------------------------------------------------------------+
; Port     ; Type   ; Severity ; Details                                                                             ;
+----------+--------+----------+-------------------------------------------------------------------------------------+
; overflow ; Output ; Info     ; Connected to dangling logic. Logic that only feeds a dangling port will be removed. ;
+----------+--------+----------+-------------------------------------------------------------------------------------+


+-----------------------------------------------------+
; Post-Synthesis Netlist Statistics for Top Partition ;
+-----------------------+-----------------------------+
; Type                  ; Count                       ;
+-----------------------+-----------------------------+
; boundary_port         ; 109                         ;
; cycloneiii_lcell_comb ; 534                         ;
;     normal            ; 534                         ;
;         2 data inputs ; 26                          ;
;         3 data inputs ; 199                         ;
;         4 data inputs ; 309                         ;
;                       ;                             ;
; Max LUT depth         ; 23.00                       ;
; Average LUT depth     ; 10.88                       ;
+-----------------------+-----------------------------+


+-------------------------------+
; Elapsed Time Per Partition    ;
+----------------+--------------+
; Partition Name ; Elapsed Time ;
+----------------+--------------+
; Top            ; 00:00:02     ;
+----------------+--------------+


+-------------------------------+
; Analysis & Synthesis Messages ;
+-------------------------------+
Info: *******************************************************************
Info: Running Quartus Prime Analysis & Synthesis
    Info: Version 16.0.0 Build 211 04/27/2016 SJ Lite Edition
    Info: Processing started: Fri Sep 24 12:21:58 2021
Info: Command: quartus_map --read_settings_files=on --write_settings_files=off ALU -c ALU
Warning (18236): Number of processors has not been specified which may cause overloading on shared machines.  Set the global assignment NUM_PARALLEL_PROCESSORS in your QSF to an appropriate value for best performance.
Info (20030): Parallel compilation is enabled and will use 6 of the 6 processors detected
Info (12021): Found 1 design units, including 1 entities, in source file alu.v
    Info (12023): Found entity 1: ALU File: C:/Users/lizhu/Desktop/ECE 550/Proj1/ALU.v Line: 1
Info (12021): Found 1 design units, including 1 entities, in source file alu_tb.v
    Info (12023): Found entity 1: ALU_tb File: C:/Users/lizhu/Desktop/ECE 550/Proj1/ALU_tb.v Line: 3
Info (12021): Found 1 design units, including 1 entities, in source file bit_and.v
    Info (12023): Found entity 1: bit_And File: C:/Users/lizhu/Desktop/ECE 550/Proj1/bit_And.v Line: 1
Info (12021): Found 1 design units, including 1 entities, in source file bit_or.v
    Info (12023): Found entity 1: bit_Or File: C:/Users/lizhu/Desktop/ECE 550/Proj1/bit_Or.v Line: 1
Info (12021): Found 1 design units, including 1 entities, in source file left_shift.v
    Info (12023): Found entity 1: left_shift File: C:/Users/lizhu/Desktop/ECE 550/Proj1/left_shift.v Line: 1
Info (12021): Found 1 design units, including 1 entities, in source file right_shift.v
    Info (12023): Found entity 1: right_shift File: C:/Users/lizhu/Desktop/ECE 550/Proj1/right_shift.v Line: 1
Info (12021): Found 1 design units, including 1 entities, in source file is_not_equal.v
    Info (12023): Found entity 1: is_not_equal File: C:/Users/lizhu/Desktop/ECE 550/Proj1/is_not_equal.v Line: 1
Warning (10463): Verilog HDL Declaration warning at CheckAddSub.v(7): "bit" is SystemVerilog-2005 keyword File: C:/Users/lizhu/Desktop/ECE 550/Proj1/CheckAddSub.v Line: 7
Info (12021): Found 1 design units, including 1 entities, in source file checkaddsub.v
    Info (12023): Found entity 1: CheckAddSub File: C:/Users/lizhu/Desktop/ECE 550/Proj1/CheckAddSub.v Line: 1
Info (12021): Found 1 design units, including 1 entities, in source file rca16bit.v
    Info (12023): Found entity 1: RCA16Bit File: C:/Users/lizhu/Desktop/ECE 550/Proj1/RCA16Bit.v Line: 1
Info (12021): Found 1 design units, including 1 entities, in source file onebitadder.v
    Info (12023): Found entity 1: OneBitAdder File: C:/Users/lizhu/Desktop/ECE 550/Proj1/OneBitAdder.v Line: 1
Info (12127): Elaborating entity "ALU" for the top level hierarchy
Info (12128): Elaborating entity "CheckAddSub" for hierarchy "CheckAddSub:calculate0" File: C:/Users/lizhu/Desktop/ECE 550/Proj1/ALU.v Line: 14
Info (12128): Elaborating entity "RCA16Bit" for hierarchy "CheckAddSub:calculate0|RCA16Bit:first" File: C:/Users/lizhu/Desktop/ECE 550/Proj1/CheckAddSub.v Line: 45
Info (12128): Elaborating entity "OneBitAdder" for hierarchy "CheckAddSub:calculate0|RCA16Bit:first|OneBitAdder:Full1" File: C:/Users/lizhu/Desktop/ECE 550/Proj1/RCA16Bit.v Line: 9
Info (12128): Elaborating entity "bit_And" for hierarchy "bit_And:and0" File: C:/Users/lizhu/Desktop/ECE 550/Proj1/ALU.v Line: 17
Info (12128): Elaborating entity "bit_Or" for hierarchy "bit_Or:or0" File: C:/Users/lizhu/Desktop/ECE 550/Proj1/ALU.v Line: 20
Info (12128): Elaborating entity "left_shift" for hierarchy "left_shift:shift0" File: C:/Users/lizhu/Desktop/ECE 550/Proj1/ALU.v Line: 23
Info (12128): Elaborating entity "right_shift" for hierarchy "right_shift:shift1" File: C:/Users/lizhu/Desktop/ECE 550/Proj1/ALU.v Line: 24
Info (12128): Elaborating entity "is_not_equal" for hierarchy "is_not_equal:ine0" File: C:/Users/lizhu/Desktop/ECE 550/Proj1/ALU.v Line: 27
Info (286030): Timing-Driven Synthesis is running
Info (16010): Generating hard_block partition "hard_block:auto_generated_inst"
    Info (16011): Adding 0 node(s), including 0 DDIO, 0 PLL, 0 transceiver and 0 LCELL
Warning (21074): Design contains 2 input pin(s) that do not drive logic
    Warning (15610): No output dependent on input pin "ctrl_ALUopcode[3]" File: C:/Users/lizhu/Desktop/ECE 550/Proj1/ALU.v Line: 4
    Warning (15610): No output dependent on input pin "ctrl_ALUopcode[4]" File: C:/Users/lizhu/Desktop/ECE 550/Proj1/ALU.v Line: 4
Info (21057): Implemented 643 device resources after synthesis - the final resource count might be different
    Info (21058): Implemented 74 input pins
    Info (21059): Implemented 35 output pins
    Info (21061): Implemented 534 logic cells
Info: Quartus Prime Analysis & Synthesis was successful. 0 errors, 5 warnings
    Info: Peak virtual memory: 4988 megabytes
    Info: Processing ended: Fri Sep 24 12:22:11 2021
    Info: Elapsed time: 00:00:13
    Info: Total CPU time (on all processors): 00:00:29


