Analysis & Synthesis report for ALU
Tue Sep 21 21:26:16 2021
Quartus Prime Version 16.0.0 Build 211 04/27/2016 SJ Lite Edition


---------------------
; Table of Contents ;
---------------------
  1. Legal Notice
  2. Analysis & Synthesis Summary
  3. Analysis & Synthesis Settings
  4. Parallel Compilation
  5. Analysis & Synthesis Source Files Read
  6. Analysis & Synthesis Resource Usage Summary
  7. Analysis & Synthesis Resource Utilization by Entity
  8. General Register Statistics
  9. Port Connectivity Checks: "RCA_special:rca2"
 10. Port Connectivity Checks: "RCA_special:rca1"
 11. Post-Synthesis Netlist Statistics for Top Partition
 12. Elapsed Time Per Partition
 13. Analysis & Synthesis Messages



----------------
; Legal Notice ;
----------------
Copyright (C) 1991-2016 Altera Corporation. All rights reserved.
Your use of Altera Corporation's design tools, logic functions 
and other software and tools, and its AMPP partner logic 
functions, and any output files from any of the foregoing 
(including device programming or simulation files), and any 
associated documentation or information are expressly subject 
to the terms and conditions of the Altera Program License 
Subscription Agreement, the Altera Quartus Prime License Agreement,
the Altera MegaCore Function License Agreement, or other 
applicable license agreement, including, without limitation, 
that your use is for the sole purpose of programming logic 
devices manufactured by Altera and sold by Altera or its 
authorized distributors.  Please refer to the applicable 
agreement for further details.



+----------------------------------------------------------------------------------+
; Analysis & Synthesis Summary                                                     ;
+------------------------------------+---------------------------------------------+
; Analysis & Synthesis Status        ; Successful - Tue Sep 21 21:26:16 2021       ;
; Quartus Prime Version              ; 16.0.0 Build 211 04/27/2016 SJ Lite Edition ;
; Revision Name                      ; ALU                                         ;
; Top-level Entity Name              ; CSA                                         ;
; Family                             ; Cyclone IV E                                ;
; Total logic elements               ; 97                                          ;
;     Total combinational functions  ; 97                                          ;
;     Dedicated logic registers      ; 0                                           ;
; Total registers                    ; 0                                           ;
; Total pins                         ; 102                                         ;
; Total virtual pins                 ; 0                                           ;
; Total memory bits                  ; 0                                           ;
; Embedded Multiplier 9-bit elements ; 0                                           ;
; Total PLLs                         ; 0                                           ;
+------------------------------------+---------------------------------------------+


+----------------------------------------------------------------------------------------------------------------------+
; Analysis & Synthesis Settings                                                                                        ;
+----------------------------------------------------------------------------+--------------------+--------------------+
; Option                                                                     ; Setting            ; Default Value      ;
+----------------------------------------------------------------------------+--------------------+--------------------+
; Device                                                                     ; EP4CE115F29C7      ;                    ;
; Top-level entity name                                                      ; CSA                ; ALU                ;
; Family name                                                                ; Cyclone IV E       ; Cyclone V          ;
; Use smart compilation                                                      ; Off                ; Off                ;
; Enable parallel Assembler and TimeQuest Timing Analyzer during compilation ; On                 ; On                 ;
; Enable compact report table                                                ; Off                ; Off                ;
; Restructure Multiplexers                                                   ; Auto               ; Auto               ;
; Create Debugging Nodes for IP Cores                                        ; Off                ; Off                ;
; Preserve fewer node names                                                  ; On                 ; On                 ;
; Disable OpenCore Plus hardware evaluation                                  ; Off                ; Off                ;
; Verilog Version                                                            ; Verilog_2001       ; Verilog_2001       ;
; VHDL Version                                                               ; VHDL_1993          ; VHDL_1993          ;
; State Machine Processing                                                   ; Auto               ; Auto               ;
; Safe State Machine                                                         ; Off                ; Off                ;
; Extract Verilog State Machines                                             ; On                 ; On                 ;
; Extract VHDL State Machines                                                ; On                 ; On                 ;
; Ignore Verilog initial constructs                                          ; Off                ; Off                ;
; Iteration limit for constant Verilog loops                                 ; 5000               ; 5000               ;
; Iteration limit for non-constant Verilog loops                             ; 250                ; 250                ;
; Add Pass-Through Logic to Inferred RAMs                                    ; On                 ; On                 ;
; Infer RAMs from Raw Logic                                                  ; On                 ; On                 ;
; Parallel Synthesis                                                         ; On                 ; On                 ;
; DSP Block Balancing                                                        ; Auto               ; Auto               ;
; NOT Gate Push-Back                                                         ; On                 ; On                 ;
; Power-Up Don't Care                                                        ; On                 ; On                 ;
; Remove Redundant Logic Cells                                               ; Off                ; Off                ;
; Remove Duplicate Registers                                                 ; On                 ; On                 ;
; Ignore CARRY Buffers                                                       ; Off                ; Off                ;
; Ignore CASCADE Buffers                                                     ; Off                ; Off                ;
; Ignore GLOBAL Buffers                                                      ; Off                ; Off                ;
; Ignore ROW GLOBAL Buffers                                                  ; Off                ; Off                ;
; Ignore LCELL Buffers                                                       ; Off                ; Off                ;
; Ignore SOFT Buffers                                                        ; On                 ; On                 ;
; Limit AHDL Integers to 32 Bits                                             ; Off                ; Off                ;
; Optimization Technique                                                     ; Balanced           ; Balanced           ;
; Carry Chain Length                                                         ; 70                 ; 70                 ;
; Auto Carry Chains                                                          ; On                 ; On                 ;
; Auto Open-Drain Pins                                                       ; On                 ; On                 ;
; Perform WYSIWYG Primitive Resynthesis                                      ; Off                ; Off                ;
; Auto ROM Replacement                                                       ; On                 ; On                 ;
; Auto RAM Replacement                                                       ; On                 ; On                 ;
; Auto DSP Block Replacement                                                 ; On                 ; On                 ;
; Auto Shift Register Replacement                                            ; Auto               ; Auto               ;
; Allow Shift Register Merging across Hierarchies                            ; Auto               ; Auto               ;
; Auto Clock Enable Replacement                                              ; On                 ; On                 ;
; Strict RAM Replacement                                                     ; Off                ; Off                ;
; Allow Synchronous Control Signals                                          ; On                 ; On                 ;
; Force Use of Synchronous Clear Signals                                     ; Off                ; Off                ;
; Auto RAM Block Balancing                                                   ; On                 ; On                 ;
; Auto RAM to Logic Cell Conversion                                          ; Off                ; Off                ;
; Auto Resource Sharing                                                      ; Off                ; Off                ;
; Allow Any RAM Size For Recognition                                         ; Off                ; Off                ;
; Allow Any ROM Size For Recognition                                         ; Off                ; Off                ;
; Allow Any Shift Register Size For Recognition                              ; Off                ; Off                ;
; Use LogicLock Constraints during Resource Balancing                        ; On                 ; On                 ;
; Ignore translate_off and synthesis_off directives                          ; Off                ; Off                ;
; Timing-Driven Synthesis                                                    ; On                 ; On                 ;
; Report Parameter Settings                                                  ; On                 ; On                 ;
; Report Source Assignments                                                  ; On                 ; On                 ;
; Report Connectivity Checks                                                 ; On                 ; On                 ;
; Ignore Maximum Fan-Out Assignments                                         ; Off                ; Off                ;
; Synchronization Register Chain Length                                      ; 2                  ; 2                  ;
; PowerPlay Power Optimization During Synthesis                              ; Normal compilation ; Normal compilation ;
; HDL message level                                                          ; Level2             ; Level2             ;
; Suppress Register Optimization Related Messages                            ; Off                ; Off                ;
; Number of Removed Registers Reported in Synthesis Report                   ; 5000               ; 5000               ;
; Number of Swept Nodes Reported in Synthesis Report                         ; 5000               ; 5000               ;
; Number of Inverted Registers Reported in Synthesis Report                  ; 100                ; 100                ;
; Clock MUX Protection                                                       ; On                 ; On                 ;
; Auto Gated Clock Conversion                                                ; Off                ; Off                ;
; Block Design Naming                                                        ; Auto               ; Auto               ;
; SDC constraint protection                                                  ; Off                ; Off                ;
; Synthesis Effort                                                           ; Auto               ; Auto               ;
; Shift Register Replacement - Allow Asynchronous Clear Signal               ; On                 ; On                 ;
; Pre-Mapping Resynthesis Optimization                                       ; Off                ; Off                ;
; Analysis & Synthesis Message Level                                         ; Medium             ; Medium             ;
; Disable Register Merging Across Hierarchies                                ; Auto               ; Auto               ;
; Resource Aware Inference For Block RAM                                     ; On                 ; On                 ;
; Synthesis Seed                                                             ; 1                  ; 1                  ;
+----------------------------------------------------------------------------+--------------------+--------------------+


+------------------------------------------+
; Parallel Compilation                     ;
+----------------------------+-------------+
; Processors                 ; Number      ;
+----------------------------+-------------+
; Number detected on machine ; 12          ;
; Maximum allowed            ; 6           ;
;                            ;             ;
; Average used               ; 1.00        ;
; Maximum used               ; 1           ;
;                            ;             ;
; Usage by Processor         ; % Time Used ;
;     Processor 1            ; 100.0%      ;
+----------------------------+-------------+


+---------------------------------------------------------------------------------------------------------------------------------------------+
; Analysis & Synthesis Source Files Read                                                                                                      ;
+----------------------------------+-----------------+------------------------+-----------------------------------------------------+---------+
; File Name with User-Entered Path ; Used in Netlist ; File Type              ; File Name with Absolute Path                        ; Library ;
+----------------------------------+-----------------+------------------------+-----------------------------------------------------+---------+
; CSA.v                            ; yes             ; User Verilog HDL File  ; C:/Users/lizhu/Desktop/ECE 550/Proj1/CSA.v          ;         ;
; RCA.v                            ; yes             ; User Verilog HDL File  ; C:/Users/lizhu/Desktop/ECE 550/Proj1/RCA.v          ;         ;
; fourBitAdder.v                   ; yes             ; User Verilog HDL File  ; C:/Users/lizhu/Desktop/ECE 550/Proj1/fourBitAdder.v ;         ;
; oneBit.v                         ; yes             ; User Verilog HDL File  ; C:/Users/lizhu/Desktop/ECE 550/Proj1/oneBit.v       ;         ;
; RCA_special.v                    ; yes             ; User Verilog HDL File  ; C:/Users/lizhu/Desktop/ECE 550/Proj1/RCA_special.v  ;         ;
+----------------------------------+-----------------+------------------------+-----------------------------------------------------+---------+


+------------------------------------------------------------------------------------------------------+
; Analysis & Synthesis Resource Usage Summary                                                          ;
+---------------------------------------------+--------------------------------------------------------+
; Resource                                    ; Usage                                                  ;
+---------------------------------------------+--------------------------------------------------------+
; Estimated Total logic elements              ; 97                                                     ;
;                                             ;                                                        ;
; Total combinational functions               ; 97                                                     ;
; Logic element usage by number of LUT inputs ;                                                        ;
;     -- 4 input functions                    ; 25                                                     ;
;     -- 3 input functions                    ; 51                                                     ;
;     -- <=2 input functions                  ; 21                                                     ;
;                                             ;                                                        ;
; Logic elements by mode                      ;                                                        ;
;     -- normal mode                          ; 97                                                     ;
;     -- arithmetic mode                      ; 0                                                      ;
;                                             ;                                                        ;
; Total registers                             ; 0                                                      ;
;     -- Dedicated logic registers            ; 0                                                      ;
;     -- I/O registers                        ; 0                                                      ;
;                                             ;                                                        ;
; I/O pins                                    ; 102                                                    ;
;                                             ;                                                        ;
; Embedded Multiplier 9-bit elements          ; 0                                                      ;
;                                             ;                                                        ;
; Maximum fan-out node                        ; RCA:rca0|fourBitAdder:fourBit_3|oneBit:oneBit_3|or_1~0 ;
; Maximum fan-out                             ; 17                                                     ;
; Total fan-out                               ; 430                                                    ;
; Average fan-out                             ; 1.43                                                   ;
+---------------------------------------------+--------------------------------------------------------+


+-----------------------------------------------------------------------------------------------------------------------------------------------------------------------------------------------------------------------------------------+
; Analysis & Synthesis Resource Utilization by Entity                                                                                                                                                                                     ;
+--------------------------------+-------------------+--------------+-------------+--------------+---------+-----------+------+--------------+--------------------------------------------------------------+--------------+--------------+
; Compilation Hierarchy Node     ; LC Combinationals ; LC Registers ; Memory Bits ; DSP Elements ; DSP 9x9 ; DSP 18x18 ; Pins ; Virtual Pins ; Full Hierarchy Name                                          ; Entity Name  ; Library Name ;
+--------------------------------+-------------------+--------------+-------------+--------------+---------+-----------+------+--------------+--------------------------------------------------------------+--------------+--------------+
; |CSA                           ; 97 (18)           ; 0 (0)        ; 0           ; 0            ; 0       ; 0         ; 102  ; 0            ; |CSA                                                         ; CSA          ; work         ;
;    |RCA:rca0|                  ; 36 (0)            ; 0 (0)        ; 0           ; 0            ; 0       ; 0         ; 0    ; 0            ; |CSA|RCA:rca0                                                ; RCA          ; work         ;
;       |fourBitAdder:fourBit_0| ; 8 (0)             ; 0 (0)        ; 0           ; 0            ; 0       ; 0         ; 0    ; 0            ; |CSA|RCA:rca0|fourBitAdder:fourBit_0                         ; fourBitAdder ; work         ;
;          |oneBit:oneBit_0|     ; 2 (2)             ; 0 (0)        ; 0           ; 0            ; 0       ; 0         ; 0    ; 0            ; |CSA|RCA:rca0|fourBitAdder:fourBit_0|oneBit:oneBit_0         ; oneBit       ; work         ;
;          |oneBit:oneBit_1|     ; 2 (2)             ; 0 (0)        ; 0           ; 0            ; 0       ; 0         ; 0    ; 0            ; |CSA|RCA:rca0|fourBitAdder:fourBit_0|oneBit:oneBit_1         ; oneBit       ; work         ;
;          |oneBit:oneBit_2|     ; 2 (2)             ; 0 (0)        ; 0           ; 0            ; 0       ; 0         ; 0    ; 0            ; |CSA|RCA:rca0|fourBitAdder:fourBit_0|oneBit:oneBit_2         ; oneBit       ; work         ;
;          |oneBit:oneBit_3|     ; 2 (2)             ; 0 (0)        ; 0           ; 0            ; 0       ; 0         ; 0    ; 0            ; |CSA|RCA:rca0|fourBitAdder:fourBit_0|oneBit:oneBit_3         ; oneBit       ; work         ;
;       |fourBitAdder:fourBit_1| ; 10 (0)            ; 0 (0)        ; 0           ; 0            ; 0       ; 0         ; 0    ; 0            ; |CSA|RCA:rca0|fourBitAdder:fourBit_1                         ; fourBitAdder ; work         ;
;          |oneBit:oneBit_0|     ; 2 (2)             ; 0 (0)        ; 0           ; 0            ; 0       ; 0         ; 0    ; 0            ; |CSA|RCA:rca0|fourBitAdder:fourBit_1|oneBit:oneBit_0         ; oneBit       ; work         ;
;          |oneBit:oneBit_1|     ; 1 (1)             ; 0 (0)        ; 0           ; 0            ; 0       ; 0         ; 0    ; 0            ; |CSA|RCA:rca0|fourBitAdder:fourBit_1|oneBit:oneBit_1         ; oneBit       ; work         ;
;          |oneBit:oneBit_2|     ; 5 (5)             ; 0 (0)        ; 0           ; 0            ; 0       ; 0         ; 0    ; 0            ; |CSA|RCA:rca0|fourBitAdder:fourBit_1|oneBit:oneBit_2         ; oneBit       ; work         ;
;          |oneBit:oneBit_3|     ; 2 (2)             ; 0 (0)        ; 0           ; 0            ; 0       ; 0         ; 0    ; 0            ; |CSA|RCA:rca0|fourBitAdder:fourBit_1|oneBit:oneBit_3         ; oneBit       ; work         ;
;       |fourBitAdder:fourBit_2| ; 8 (0)             ; 0 (0)        ; 0           ; 0            ; 0       ; 0         ; 0    ; 0            ; |CSA|RCA:rca0|fourBitAdder:fourBit_2                         ; fourBitAdder ; work         ;
;          |oneBit:oneBit_0|     ; 2 (2)             ; 0 (0)        ; 0           ; 0            ; 0       ; 0         ; 0    ; 0            ; |CSA|RCA:rca0|fourBitAdder:fourBit_2|oneBit:oneBit_0         ; oneBit       ; work         ;
;          |oneBit:oneBit_1|     ; 2 (2)             ; 0 (0)        ; 0           ; 0            ; 0       ; 0         ; 0    ; 0            ; |CSA|RCA:rca0|fourBitAdder:fourBit_2|oneBit:oneBit_1         ; oneBit       ; work         ;
;          |oneBit:oneBit_2|     ; 2 (2)             ; 0 (0)        ; 0           ; 0            ; 0       ; 0         ; 0    ; 0            ; |CSA|RCA:rca0|fourBitAdder:fourBit_2|oneBit:oneBit_2         ; oneBit       ; work         ;
;          |oneBit:oneBit_3|     ; 2 (2)             ; 0 (0)        ; 0           ; 0            ; 0       ; 0         ; 0    ; 0            ; |CSA|RCA:rca0|fourBitAdder:fourBit_2|oneBit:oneBit_3         ; oneBit       ; work         ;
;       |fourBitAdder:fourBit_3| ; 10 (0)            ; 0 (0)        ; 0           ; 0            ; 0       ; 0         ; 0    ; 0            ; |CSA|RCA:rca0|fourBitAdder:fourBit_3                         ; fourBitAdder ; work         ;
;          |oneBit:oneBit_0|     ; 2 (2)             ; 0 (0)        ; 0           ; 0            ; 0       ; 0         ; 0    ; 0            ; |CSA|RCA:rca0|fourBitAdder:fourBit_3|oneBit:oneBit_0         ; oneBit       ; work         ;
;          |oneBit:oneBit_1|     ; 1 (1)             ; 0 (0)        ; 0           ; 0            ; 0       ; 0         ; 0    ; 0            ; |CSA|RCA:rca0|fourBitAdder:fourBit_3|oneBit:oneBit_1         ; oneBit       ; work         ;
;          |oneBit:oneBit_2|     ; 5 (5)             ; 0 (0)        ; 0           ; 0            ; 0       ; 0         ; 0    ; 0            ; |CSA|RCA:rca0|fourBitAdder:fourBit_3|oneBit:oneBit_2         ; oneBit       ; work         ;
;          |oneBit:oneBit_3|     ; 2 (2)             ; 0 (0)        ; 0           ; 0            ; 0       ; 0         ; 0    ; 0            ; |CSA|RCA:rca0|fourBitAdder:fourBit_3|oneBit:oneBit_3         ; oneBit       ; work         ;
;    |RCA_special:rca1|          ; 14 (0)            ; 0 (0)        ; 0           ; 0            ; 0       ; 0         ; 0    ; 0            ; |CSA|RCA_special:rca1                                        ; RCA_special  ; work         ;
;       |fourBitAdder:fourBit_0| ; 3 (0)             ; 0 (0)        ; 0           ; 0            ; 0       ; 0         ; 0    ; 0            ; |CSA|RCA_special:rca1|fourBitAdder:fourBit_0                 ; fourBitAdder ; work         ;
;          |oneBit:oneBit_1|     ; 1 (1)             ; 0 (0)        ; 0           ; 0            ; 0       ; 0         ; 0    ; 0            ; |CSA|RCA_special:rca1|fourBitAdder:fourBit_0|oneBit:oneBit_1 ; oneBit       ; work         ;
;          |oneBit:oneBit_2|     ; 1 (1)             ; 0 (0)        ; 0           ; 0            ; 0       ; 0         ; 0    ; 0            ; |CSA|RCA_special:rca1|fourBitAdder:fourBit_0|oneBit:oneBit_2 ; oneBit       ; work         ;
;          |oneBit:oneBit_3|     ; 1 (1)             ; 0 (0)        ; 0           ; 0            ; 0       ; 0         ; 0    ; 0            ; |CSA|RCA_special:rca1|fourBitAdder:fourBit_0|oneBit:oneBit_3 ; oneBit       ; work         ;
;       |fourBitAdder:fourBit_1| ; 4 (0)             ; 0 (0)        ; 0           ; 0            ; 0       ; 0         ; 0    ; 0            ; |CSA|RCA_special:rca1|fourBitAdder:fourBit_1                 ; fourBitAdder ; work         ;
;          |oneBit:oneBit_0|     ; 1 (1)             ; 0 (0)        ; 0           ; 0            ; 0       ; 0         ; 0    ; 0            ; |CSA|RCA_special:rca1|fourBitAdder:fourBit_1|oneBit:oneBit_0 ; oneBit       ; work         ;
;          |oneBit:oneBit_1|     ; 1 (1)             ; 0 (0)        ; 0           ; 0            ; 0       ; 0         ; 0    ; 0            ; |CSA|RCA_special:rca1|fourBitAdder:fourBit_1|oneBit:oneBit_1 ; oneBit       ; work         ;
;          |oneBit:oneBit_2|     ; 1 (1)             ; 0 (0)        ; 0           ; 0            ; 0       ; 0         ; 0    ; 0            ; |CSA|RCA_special:rca1|fourBitAdder:fourBit_1|oneBit:oneBit_2 ; oneBit       ; work         ;
;          |oneBit:oneBit_3|     ; 1 (1)             ; 0 (0)        ; 0           ; 0            ; 0       ; 0         ; 0    ; 0            ; |CSA|RCA_special:rca1|fourBitAdder:fourBit_1|oneBit:oneBit_3 ; oneBit       ; work         ;
;       |fourBitAdder:fourBit_2| ; 4 (0)             ; 0 (0)        ; 0           ; 0            ; 0       ; 0         ; 0    ; 0            ; |CSA|RCA_special:rca1|fourBitAdder:fourBit_2                 ; fourBitAdder ; work         ;
;          |oneBit:oneBit_0|     ; 1 (1)             ; 0 (0)        ; 0           ; 0            ; 0       ; 0         ; 0    ; 0            ; |CSA|RCA_special:rca1|fourBitAdder:fourBit_2|oneBit:oneBit_0 ; oneBit       ; work         ;
;          |oneBit:oneBit_1|     ; 1 (1)             ; 0 (0)        ; 0           ; 0            ; 0       ; 0         ; 0    ; 0            ; |CSA|RCA_special:rca1|fourBitAdder:fourBit_2|oneBit:oneBit_1 ; oneBit       ; work         ;
;          |oneBit:oneBit_2|     ; 1 (1)             ; 0 (0)        ; 0           ; 0            ; 0       ; 0         ; 0    ; 0            ; |CSA|RCA_special:rca1|fourBitAdder:fourBit_2|oneBit:oneBit_2 ; oneBit       ; work         ;
;          |oneBit:oneBit_3|     ; 1 (1)             ; 0 (0)        ; 0           ; 0            ; 0       ; 0         ; 0    ; 0            ; |CSA|RCA_special:rca1|fourBitAdder:fourBit_2|oneBit:oneBit_3 ; oneBit       ; work         ;
;       |oneBit:oneBit_0|        ; 1 (1)             ; 0 (0)        ; 0           ; 0            ; 0       ; 0         ; 0    ; 0            ; |CSA|RCA_special:rca1|oneBit:oneBit_0                        ; oneBit       ; work         ;
;       |oneBit:oneBit_1|        ; 1 (1)             ; 0 (0)        ; 0           ; 0            ; 0       ; 0         ; 0    ; 0            ; |CSA|RCA_special:rca1|oneBit:oneBit_1                        ; oneBit       ; work         ;
;       |oneBit:oneBit_2|        ; 1 (1)             ; 0 (0)        ; 0           ; 0            ; 0       ; 0         ; 0    ; 0            ; |CSA|RCA_special:rca1|oneBit:oneBit_2                        ; oneBit       ; work         ;
;    |RCA_special:rca2|          ; 29 (0)            ; 0 (0)        ; 0           ; 0            ; 0       ; 0         ; 0    ; 0            ; |CSA|RCA_special:rca2                                        ; RCA_special  ; work         ;
;       |fourBitAdder:fourBit_0| ; 6 (0)             ; 0 (0)        ; 0           ; 0            ; 0       ; 0         ; 0    ; 0            ; |CSA|RCA_special:rca2|fourBitAdder:fourBit_0                 ; fourBitAdder ; work         ;
;          |oneBit:oneBit_1|     ; 2 (2)             ; 0 (0)        ; 0           ; 0            ; 0       ; 0         ; 0    ; 0            ; |CSA|RCA_special:rca2|fourBitAdder:fourBit_0|oneBit:oneBit_1 ; oneBit       ; work         ;
;          |oneBit:oneBit_2|     ; 2 (2)             ; 0 (0)        ; 0           ; 0            ; 0       ; 0         ; 0    ; 0            ; |CSA|RCA_special:rca2|fourBitAdder:fourBit_0|oneBit:oneBit_2 ; oneBit       ; work         ;
;          |oneBit:oneBit_3|     ; 2 (2)             ; 0 (0)        ; 0           ; 0            ; 0       ; 0         ; 0    ; 0            ; |CSA|RCA_special:rca2|fourBitAdder:fourBit_0|oneBit:oneBit_3 ; oneBit       ; work         ;
;       |fourBitAdder:fourBit_1| ; 8 (0)             ; 0 (0)        ; 0           ; 0            ; 0       ; 0         ; 0    ; 0            ; |CSA|RCA_special:rca2|fourBitAdder:fourBit_1                 ; fourBitAdder ; work         ;
;          |oneBit:oneBit_0|     ; 2 (2)             ; 0 (0)        ; 0           ; 0            ; 0       ; 0         ; 0    ; 0            ; |CSA|RCA_special:rca2|fourBitAdder:fourBit_1|oneBit:oneBit_0 ; oneBit       ; work         ;
;          |oneBit:oneBit_1|     ; 2 (2)             ; 0 (0)        ; 0           ; 0            ; 0       ; 0         ; 0    ; 0            ; |CSA|RCA_special:rca2|fourBitAdder:fourBit_1|oneBit:oneBit_1 ; oneBit       ; work         ;
;          |oneBit:oneBit_2|     ; 2 (2)             ; 0 (0)        ; 0           ; 0            ; 0       ; 0         ; 0    ; 0            ; |CSA|RCA_special:rca2|fourBitAdder:fourBit_1|oneBit:oneBit_2 ; oneBit       ; work         ;
;          |oneBit:oneBit_3|     ; 2 (2)             ; 0 (0)        ; 0           ; 0            ; 0       ; 0         ; 0    ; 0            ; |CSA|RCA_special:rca2|fourBitAdder:fourBit_1|oneBit:oneBit_3 ; oneBit       ; work         ;
;       |fourBitAdder:fourBit_2| ; 8 (0)             ; 0 (0)        ; 0           ; 0            ; 0       ; 0         ; 0    ; 0            ; |CSA|RCA_special:rca2|fourBitAdder:fourBit_2                 ; fourBitAdder ; work         ;
;          |oneBit:oneBit_0|     ; 2 (2)             ; 0 (0)        ; 0           ; 0            ; 0       ; 0         ; 0    ; 0            ; |CSA|RCA_special:rca2|fourBitAdder:fourBit_2|oneBit:oneBit_0 ; oneBit       ; work         ;
;          |oneBit:oneBit_1|     ; 2 (2)             ; 0 (0)        ; 0           ; 0            ; 0       ; 0         ; 0    ; 0            ; |CSA|RCA_special:rca2|fourBitAdder:fourBit_2|oneBit:oneBit_1 ; oneBit       ; work         ;
;          |oneBit:oneBit_2|     ; 2 (2)             ; 0 (0)        ; 0           ; 0            ; 0       ; 0         ; 0    ; 0            ; |CSA|RCA_special:rca2|fourBitAdder:fourBit_2|oneBit:oneBit_2 ; oneBit       ; work         ;
;          |oneBit:oneBit_3|     ; 2 (2)             ; 0 (0)        ; 0           ; 0            ; 0       ; 0         ; 0    ; 0            ; |CSA|RCA_special:rca2|fourBitAdder:fourBit_2|oneBit:oneBit_3 ; oneBit       ; work         ;
;       |oneBit:oneBit_0|        ; 2 (2)             ; 0 (0)        ; 0           ; 0            ; 0       ; 0         ; 0    ; 0            ; |CSA|RCA_special:rca2|oneBit:oneBit_0                        ; oneBit       ; work         ;
;       |oneBit:oneBit_1|        ; 2 (2)             ; 0 (0)        ; 0           ; 0            ; 0       ; 0         ; 0    ; 0            ; |CSA|RCA_special:rca2|oneBit:oneBit_1                        ; oneBit       ; work         ;
;       |oneBit:oneBit_2|        ; 2 (2)             ; 0 (0)        ; 0           ; 0            ; 0       ; 0         ; 0    ; 0            ; |CSA|RCA_special:rca2|oneBit:oneBit_2                        ; oneBit       ; work         ;
;       |oneBit:oneBit_3|        ; 1 (1)             ; 0 (0)        ; 0           ; 0            ; 0       ; 0         ; 0    ; 0            ; |CSA|RCA_special:rca2|oneBit:oneBit_3                        ; oneBit       ; work         ;
+--------------------------------+-------------------+--------------+-------------+--------------+---------+-----------+------+--------------+--------------------------------------------------------------+--------------+--------------+
Note: For table entries with two numbers listed, the numbers in parentheses indicate the number of resources of the given type used by the specific entity alone. The numbers listed outside of parentheses indicate the total resources of the given type used by the specific entity and all of its sub-entities in the hierarchy.


+------------------------------------------------------+
; General Register Statistics                          ;
+----------------------------------------------+-------+
; Statistic                                    ; Value ;
+----------------------------------------------+-------+
; Total registers                              ; 0     ;
; Number of registers using Synchronous Clear  ; 0     ;
; Number of registers using Synchronous Load   ; 0     ;
; Number of registers using Asynchronous Clear ; 0     ;
; Number of registers using Asynchronous Load  ; 0     ;
; Number of registers using Clock Enable       ; 0     ;
; Number of registers using Preset             ; 0     ;
+----------------------------------------------+-------+


+-------------------------------------------------------------------------------------------------------------------------------------------------------------------------------------------------------------------+
; Port Connectivity Checks: "RCA_special:rca2"                                                                                                                                                                      ;
+-----------+-------+----------+------------------------------------------------------------------------------------------------------------------------------------------------------------------------------------+
; Port      ; Type  ; Severity ; Details                                                                                                                                                                            ;
+-----------+-------+----------+------------------------------------------------------------------------------------------------------------------------------------------------------------------------------------+
; cin16     ; Input ; Warning  ; Input port expression (32 bits) is wider than the input port (1 bits) it drives.  The 31 most-significant bit(s) in the expression will be dangling if they have no other fanouts. ;
; cin16[-1] ; Input ; Info     ; Stuck at VCC                                                                                                                                                                       ;
+-----------+-------+----------+------------------------------------------------------------------------------------------------------------------------------------------------------------------------------------+


+-------------------------------------------------------------------------------------------------------------------------------------------------------------------------------------------------------------------+
; Port Connectivity Checks: "RCA_special:rca1"                                                                                                                                                                      ;
+-----------+-------+----------+------------------------------------------------------------------------------------------------------------------------------------------------------------------------------------+
; Port      ; Type  ; Severity ; Details                                                                                                                                                                            ;
+-----------+-------+----------+------------------------------------------------------------------------------------------------------------------------------------------------------------------------------------+
; cin16     ; Input ; Warning  ; Input port expression (32 bits) is wider than the input port (1 bits) it drives.  The 31 most-significant bit(s) in the expression will be dangling if they have no other fanouts. ;
; cin16[-1] ; Input ; Info     ; Stuck at GND                                                                                                                                                                       ;
+-----------+-------+----------+------------------------------------------------------------------------------------------------------------------------------------------------------------------------------------+


+-----------------------------------------------------+
; Post-Synthesis Netlist Statistics for Top Partition ;
+-----------------------+-----------------------------+
; Type                  ; Count                       ;
+-----------------------+-----------------------------+
; boundary_port         ; 102                         ;
; cycloneiii_lcell_comb ; 97                          ;
;     normal            ; 97                          ;
;         2 data inputs ; 21                          ;
;         3 data inputs ; 51                          ;
;         4 data inputs ; 25                          ;
;                       ;                             ;
; Max LUT depth         ; 16.00                       ;
; Average LUT depth     ; 10.81                       ;
+-----------------------+-----------------------------+


+-------------------------------+
; Elapsed Time Per Partition    ;
+----------------+--------------+
; Partition Name ; Elapsed Time ;
+----------------+--------------+
; Top            ; 00:00:00     ;
+----------------+--------------+


+-------------------------------+
; Analysis & Synthesis Messages ;
+-------------------------------+
Info: *******************************************************************
Info: Running Quartus Prime Analysis & Synthesis
    Info: Version 16.0.0 Build 211 04/27/2016 SJ Lite Edition
    Info: Processing started: Tue Sep 21 21:26:08 2021
Info: Command: quartus_map --read_settings_files=on --write_settings_files=off ALU -c ALU
Warning (18236): Number of processors has not been specified which may cause overloading on shared machines.  Set the global assignment NUM_PARALLEL_PROCESSORS in your QSF to an appropriate value for best performance.
Info (20030): Parallel compilation is enabled and will use 6 of the 6 processors detected
Info (12021): Found 1 design units, including 1 entities, in source file sra_32bit.v
    Info (12023): Found entity 1: SRA_32bit File: C:/Users/lizhu/Desktop/ECE 550/Proj1/SRA_32bit.v Line: 1
Info (12021): Found 1 design units, including 1 entities, in source file alu.v
    Info (12023): Found entity 1: ALU File: C:/Users/lizhu/Desktop/ECE 550/Proj1/ALU.v Line: 1
Info (12021): Found 1 design units, including 1 entities, in source file alu_tb.v
    Info (12023): Found entity 1: ALU_tb File: C:/Users/lizhu/Desktop/ECE 550/Proj1/ALU_tb.v Line: 3
Info (12021): Found 1 design units, including 1 entities, in source file csa.v
    Info (12023): Found entity 1: CSA File: C:/Users/lizhu/Desktop/ECE 550/Proj1/CSA.v Line: 1
Info (12021): Found 1 design units, including 1 entities, in source file negateb.v
    Info (12023): Found entity 1: negateb File: C:/Users/lizhu/Desktop/ECE 550/Proj1/negateb.v Line: 1
Info (12021): Found 1 design units, including 1 entities, in source file rca.v
    Info (12023): Found entity 1: RCA File: C:/Users/lizhu/Desktop/ECE 550/Proj1/RCA.v Line: 1
Info (12021): Found 1 design units, including 1 entities, in source file fourbitadder.v
    Info (12023): Found entity 1: fourBitAdder File: C:/Users/lizhu/Desktop/ECE 550/Proj1/fourBitAdder.v Line: 1
Info (12021): Found 1 design units, including 1 entities, in source file onebit.v
    Info (12023): Found entity 1: oneBit File: C:/Users/lizhu/Desktop/ECE 550/Proj1/oneBit.v Line: 1
Info (12021): Found 1 design units, including 1 entities, in source file rca_special.v
    Info (12023): Found entity 1: RCA_special File: C:/Users/lizhu/Desktop/ECE 550/Proj1/RCA_special.v Line: 1
Info (12021): Found 1 design units, including 1 entities, in source file bit_and.v
    Info (12023): Found entity 1: bit_And File: C:/Users/lizhu/Desktop/ECE 550/Proj1/bit_And.v Line: 1
Info (12021): Found 1 design units, including 1 entities, in source file bit_or.v
    Info (12023): Found entity 1: bit_Or File: C:/Users/lizhu/Desktop/ECE 550/Proj1/bit_Or.v Line: 1
Info (12021): Found 1 design units, including 1 entities, in source file left_shift.v
    Info (12023): Found entity 1: left_shift File: C:/Users/lizhu/Desktop/ECE 550/Proj1/left_shift.v Line: 1
Info (12021): Found 1 design units, including 1 entities, in source file right_shift.v
    Info (12023): Found entity 1: right_shift File: C:/Users/lizhu/Desktop/ECE 550/Proj1/right_shift.v Line: 1
Info (12127): Elaborating entity "CSA" for the top level hierarchy
Info (12128): Elaborating entity "RCA" for hierarchy "RCA:rca0" File: C:/Users/lizhu/Desktop/ECE 550/Proj1/CSA.v Line: 9
Info (12128): Elaborating entity "fourBitAdder" for hierarchy "RCA:rca0|fourBitAdder:fourBit_0" File: C:/Users/lizhu/Desktop/ECE 550/Proj1/RCA.v Line: 9
Info (12128): Elaborating entity "oneBit" for hierarchy "RCA:rca0|fourBitAdder:fourBit_0|oneBit:oneBit_0" File: C:/Users/lizhu/Desktop/ECE 550/Proj1/fourBitAdder.v Line: 9
Info (12128): Elaborating entity "RCA_special" for hierarchy "RCA_special:rca1" File: C:/Users/lizhu/Desktop/ECE 550/Proj1/CSA.v Line: 10
Warning (12241): 2 hierarchies have connectivity warnings - see the Connectivity Checks report folder
Info (286030): Timing-Driven Synthesis is running
Info (16010): Generating hard_block partition "hard_block:auto_generated_inst"
    Info (16011): Adding 0 node(s), including 0 DDIO, 0 PLL, 0 transceiver and 0 LCELL
Warning (21074): Design contains 4 input pin(s) that do not drive logic
    Warning (15610): No output dependent on input pin "cin[1]" File: C:/Users/lizhu/Desktop/ECE 550/Proj1/CSA.v Line: 3
    Warning (15610): No output dependent on input pin "cin[2]" File: C:/Users/lizhu/Desktop/ECE 550/Proj1/CSA.v Line: 3
    Warning (15610): No output dependent on input pin "cin[3]" File: C:/Users/lizhu/Desktop/ECE 550/Proj1/CSA.v Line: 3
    Warning (15610): No output dependent on input pin "cin[4]" File: C:/Users/lizhu/Desktop/ECE 550/Proj1/CSA.v Line: 3
Info (21057): Implemented 199 device resources after synthesis - the final resource count might be different
    Info (21058): Implemented 69 input pins
    Info (21059): Implemented 33 output pins
    Info (21061): Implemented 97 logic cells
Info: Quartus Prime Analysis & Synthesis was successful. 0 errors, 7 warnings
    Info: Peak virtual memory: 4985 megabytes
    Info: Processing ended: Tue Sep 21 21:26:16 2021
    Info: Elapsed time: 00:00:08
    Info: Total CPU time (on all processors): 00:00:17


